[backblue.gif]
[fade.gif]
[index.html]
[linkstorage.linkfire.com/medialinks/images/43185ffb-a82a-4792-8b92-457e47543ba9/artwork-600x315.jpg]
[linkstorage.linkfire.com/medialinks/images/43185ffb-a82a-4792-8b92-457e47543ba9/artwork-440x220.jpg]
[static.assetlab.io/red3/221/img/icons/apple-icon-57x57.png]
[static.assetlab.io/red3/221/img/icons/apple-icon-60x60.png]
[static.assetlab.io/red3/221/img/icons/apple-icon-72x72.png]
[static.assetlab.io/red3/221/img/icons/apple-icon-76x76.png]
[static.assetlab.io/red3/221/img/icons/apple-icon-114x114.png]
[static.assetlab.io/red3/221/img/icons/apple-icon-120x120.png]
[static.assetlab.io/red3/221/img/icons/apple-icon-144x144.png]
[static.assetlab.io/red3/221/img/icons/apple-icon-152x152.png]
[static.assetlab.io/red3/221/img/icons/apple-icon-180x180.png]
[static.assetlab.io/red3/221/img/icons/favicon-16x16.png]
[static.assetlab.io/red3/221/img/icons/favicon-32x32.png]
[static.assetlab.io/red3/221/img/icons/favicon-96x96.png]
[static.assetlab.io/red3/221/img/icons/ms-icon-144x144.png]
[static.assetlab.io/consent/1.5.1/consent.js]
[static.assetlab.io/consent/1.5.1/consent.css]
[static.assetlab.io/red3/221/release-classic.js]
[servedbyadbutler.com/app.js]
[linkstorage.linkfire.com/medialinks/images/43185ffb-a82a-4792-8b92-457e47543ba9/artwork-440x440.jpg]
[popsmoke.lnk.to/SFTSAFTMDLXVD.html]
[popsmoke.lnk.to/SFTSAFTMDLX.html]
[static.assetlab.io/red3/221/skin.js]
[static.assetlab.io/red3/221/legacy-scripts.js]
[static.assetlab.io/music-player/1.1.4/img/legacy/music-button.png]
[static.assetlab.io/music-player/1.1.4/img/legacy/play-list-button.png]
[static.assetlab.io/red3/221/release-classic.css]
[static.assetlab.io/consent/1.5.1/assets/ic-back.svg]
[static.assetlab.io/consent/1.5.1/assets/ic-check-white.svg]
[static.assetlab.io/consent/1.5.1/assets/ic-check-blue.svg]
[static.assetlab.io/consent/1.5.1/assets/ic-close-large.svg]
[static.assetlab.io/consent/1.5.1/assets/ic-shield-blue.svg]
[static.assetlab.io/consent/1.5.1/consent.css]
[static.assetlab.io/red3/221/mCSB_buttons.png]
[static.assetlab.io/consent/1.5.1/assets/ic-back.svg]
[static.assetlab.io/consent/1.5.1/assets/ic-check-white.svg]
[static.assetlab.io/consent/1.5.1/assets/ic-check-blue.svg]
[static.assetlab.io/consent/1.5.1/assets/ic-close-large.svg]
[static.assetlab.io/consent/1.5.1/assets/ic-close-s.svg]
[static.assetlab.io/consent/1.5.1/assets/ic-ext-link.svg]
[static.assetlab.io/consent/1.5.1/assets/ic-int-link.svg]
[static.assetlab.io/consent/1.5.1/assets/ic-shield-blue.svg]
[static.assetlab.io/consent/1.5.1/assets/ic-shield-grey.svg]
[static.assetlab.io/consent/1.5.1/assets/ic-shield-grey.svg]
[static.assetlab.io/consent/1.5.1/edge/index.html]
